
round-trip p50 / p99 (us), P-3060
path          submit  wait                  0                4K               64K              256K                1M                4M               16M
empty         chain   spin      61.4/    94.3                 -                 -                 -                 -                 -                 -
empty         chain   block     63.5/   109.8                 -                 -                 -                 -                 -                 -
empty         perpass spin      67.6/   117.8                 -                 -                 -                 -                 -                 -
empty         perpass block     70.7/   116.8                 -                 -                 -                 -                 -                 -
s1_copy       chain   spin                  -     74.7/    92.8     90.7/   122.5    132.1/   172.0    312.3/   398.3   1087.5/  1247.2   4001.3/  4395.1
s1_copy       chain   block                 -     77.1/   125.5     93.1/   138.4    134.1/   191.5    314.4/   424.0   1138.7/  1355.8   4031.0/  4390.0
s1_copy       perpass spin                  -     81.1/   107.4     97.4/   132.6    139.3/   184.4    317.4/   365.6   1153.0/  1273.9   4007.9/  4421.7
s1_copy       perpass block                 -     84.6/   121.5    101.0/   130.6    145.4/   189.5    325.6/   437.3   1151.0/  1360.9   4096.0/  4491.3
s2_direct     chain   spin                  -     60.4/    74.8     65.5/    82.9     80.9/   110.6    141.3/   183.5    407.6/   508.2   1424.4/  1702.9
s2_direct     chain   block                 -     64.5/   107.5     69.6/    94.2     85.0/   128.0    148.5/   249.0    472.1/   641.0   1495.0/  1830.9
s2_direct     perpass spin                  -     67.6/    90.2     72.7/   105.5     89.1/   131.1    150.5/   221.2    403.5/   543.8   1364.0/  1634.3
s2_direct     perpass block                 -     71.7/   121.9     75.9/   120.8     92.2/   157.7    153.6/   256.2    471.0/   686.2   1458.4/  1843.3
s2_hostcached chain   spin                  -     60.4/    89.1     65.7/    88.1     84.0/   132.1    155.6/   204.9    461.8/   597.3   1734.7/  2152.6
s2_hostcached chain   block                 -     63.5/    98.3     69.7/   124.9     89.1/   160.8    160.8/   280.6    524.5/   832.6   1833.0/  2224.1
s2_hostcached perpass spin                  -     67.6/    85.3     73.8/    94.2     93.2/   132.3    166.0/   236.5    462.8/   580.7   1830.9/  2147.5
s2_hostcached perpass block                 -     72.7/   101.4     79.1/   119.8     98.3/   148.7    171.0/   258.2    546.8/   708.7   1909.9/  2310.2
s2_coherent   chain   spin                  -    116.7/   149.6    984.1/  1136.7   3781.6/  4236.3  14987.3/ 15715.4  59908.1/ 61465.6 239525.9/243679.3
s2_coherent   chain   block                 -    123.0/   160.8    996.4/  1151.2   3787.8/  4238.5  15011.8/ 15714.4  60044.3/ 62892.1 239640.1/243804.7
s2_coherent   perpass spin                  -    124.9/   148.5    997.4/  1098.8   3796.0/  4167.8  15015.9/ 15728.7  59976.2/ 63085.9 239576.1/243384.9
s2_coherent   perpass block                 -    130.1/   170.0   1001.5/  1136.8   3803.1/  4163.6  15025.2/ 15821.9  60074.0/ 62023.7 239748.7/243529.7
[    0.000] INFO  main.cpp:173: lightbound 0.1.0-m1 | mode=microbench strategy=S2 k=1 delay=2 agents=20000 seed=1234 frames=2000 warmup=200 submit=chain cpuwait=spin threads=4 memvariant=default audit=off audio=on preset=none out=results\m1_3060_rebar-off\_running_run3.csv tag=rebar-offrun3 power=off vsync=off validation=off micro-paths=empty,s1_copy,s2_direct,s2_hostcached,s2_coherent
[    0.000] INFO  VulkanGfx.cpp:923: Vulkan loader: C:\dev\Lightbound\build\lightbound.exe
[    0.106] INFO  VulkanGfx.cpp:1251: memory class DeviceLocal            -> type 1 DEVICE_LOCAL heap 8024 MB
[    0.106] INFO  VulkanGfx.cpp:1251: memory class HostVisibleCached      -> type 4 HOST_VISIBLE|HOST_COHERENT|HOST_CACHED heap 16310 MB
[    0.106] INFO  VulkanGfx.cpp:1251: memory class HostVisibleCoherent    -> type 3 HOST_VISIBLE|HOST_COHERENT heap 16310 MB
[    0.106] INFO  VulkanGfx.cpp:1251: memory class DeviceLocalHostVisible -> type 5 DEVICE_LOCAL|HOST_VISIBLE|HOST_COHERENT heap 214 MB
[    0.106] INFO  VulkanGfx.cpp:157: Vulkan device: NVIDIA GeForce RTX 3060 Ti (Vulkan 1.3.289, NVIDIA 566.36 (0x8d890000), unified: no, ReBAR: no, host-cached: yes, clock: QueryPerformanceCounter, headless)
[    0.457] INFO  Microbench.cpp:460: bw_d2h 16M: p50 1336.3 us = 12.55 GB/s
[    0.618] INFO  Microbench.cpp:460: bw_h2d 16M: p50 1272.8 us = 13.18 GB/s
[    0.618] INFO  Microbench.cpp:466: PCIe link under load: gen3 x16 (max gen3 x16)
[    0.619] INFO  Microbench.cpp:240: path empty         down=HostVisibleCached up=HostVisibleCoherent
[    0.944] INFO  Microbench.cpp:401: empty         chain   spin      0  rt p50      61.4 us  p99      94.3  | g2c p50     31.7  c2g p50     29.1  | calib ±11.3 us
[    1.272] INFO  Microbench.cpp:401: empty         chain   block     0  rt p50      63.5 us  p99     109.8  | g2c p50     33.6  c2g p50     29.4  | calib ±11.4 us
[    1.612] INFO  Microbench.cpp:401: empty         perpass spin      0  rt p50      67.6 us  p99     117.8  | g2c p50     31.8  c2g p50     35.7  | calib ±11.2 us
[    1.951] INFO  Microbench.cpp:401: empty         perpass block     0  rt p50      70.7 us  p99     116.8  | g2c p50     33.5  c2g p50     36.8  | calib ±11.3 us
[    1.951] INFO  Microbench.cpp:240: path s1_copy       down=DeviceLocal up=DeviceLocal downStaging=HostVisibleCached upStaging=HostVisibleCoherent
[    2.311] INFO  Microbench.cpp:401: s1_copy       chain   spin     4K  rt p50      74.7 us  p99      92.8  | g2c p50     38.2  c2g p50     35.8  | calib ±11.3 us
[    2.716] INFO  Microbench.cpp:401: s1_copy       chain   spin    64K  rt p50      90.7 us  p99     122.5  | g2c p50     44.5  c2g p50     40.7  | calib ±11.3 us
[    3.235] INFO  Microbench.cpp:401: s1_copy       chain   spin   256K  rt p50     132.1 us  p99     172.0  | g2c p50     54.6  c2g p50     56.7  | calib ±11.1 us
[    4.273] INFO  Microbench.cpp:401: s1_copy       chain   spin     1M  rt p50     312.3 us  p99     398.3  | g2c p50    113.6  c2g p50    118.7  | calib ±11.3 us
[    7.611] INFO  Microbench.cpp:401: s1_copy       chain   spin     4M  rt p50    1087.5 us  p99    1247.2  | g2c p50    394.0  c2g p50    367.5  | calib ±11.3 us
[   19.169] INFO  Microbench.cpp:401: s1_copy       chain   spin    16M  rt p50    4001.3 us  p99    4395.1  | g2c p50   1358.1  c2g p50   1350.9  | calib ±11.5 us
[   19.535] INFO  Microbench.cpp:401: s1_copy       chain   block    4K  rt p50      77.1 us  p99     125.5  | g2c p50     39.8  c2g p50     36.6  | calib ±11.4 us
[   19.945] INFO  Microbench.cpp:401: s1_copy       chain   block   64K  rt p50      93.1 us  p99     138.4  | g2c p50     46.1  c2g p50     41.5  | calib ±11.3 us
[   20.470] INFO  Microbench.cpp:401: s1_copy       chain   block  256K  rt p50     134.1 us  p99     191.5  | g2c p50     56.3  c2g p50     57.0  | calib ±11.3 us
[   21.521] INFO  Microbench.cpp:401: s1_copy       chain   block    1M  rt p50     314.4 us  p99     424.0  | g2c p50    115.5  c2g p50    118.7  | calib ±11.3 us
[   24.996] INFO  Microbench.cpp:401: s1_copy       chain   block    4M  rt p50    1138.7 us  p99    1355.8  | g2c p50    439.9  c2g p50    367.8  | calib ±11.2 us
[   36.640] INFO  Microbench.cpp:401: s1_copy       chain   block   16M  rt p50    4031.0 us  p99    4390.0  | g2c p50   1373.9  c2g p50   1352.3  | calib ±11.3 us
[   37.010] INFO  Microbench.cpp:401: s1_copy       perpass spin     4K  rt p50      81.1 us  p99     107.4  | g2c p50     38.0  c2g p50     42.5  | calib ±11.3 us
[   37.428] INFO  Microbench.cpp:401: s1_copy       perpass spin    64K  rt p50      97.4 us  p99     132.6  | g2c p50     44.2  c2g p50     47.6  | calib ±11.3 us
[   37.962] INFO  Microbench.cpp:401: s1_copy       perpass spin   256K  rt p50     139.3 us  p99     184.4  | g2c p50     54.4  c2g p50     63.9  | calib ±11.3 us
[   38.997] INFO  Microbench.cpp:401: s1_copy       perpass spin     1M  rt p50     317.4 us  p99     365.6  | g2c p50    110.9  c2g p50    126.8  | calib ±11.3 us
[   42.431] INFO  Microbench.cpp:401: s1_copy       perpass spin     4M  rt p50    1153.0 us  p99    1273.9  | g2c p50    453.8  c2g p50    379.4  | calib ±11.3 us
[   54.001] INFO  Microbench.cpp:401: s1_copy       perpass spin    16M  rt p50    4007.9 us  p99    4421.7  | g2c p50   1348.9  c2g p50   1364.2  | calib ±11.1 us
[   54.382] INFO  Microbench.cpp:401: s1_copy       perpass block    4K  rt p50      84.6 us  p99     121.5  | g2c p50     39.7  c2g p50     44.4  | calib ±11.4 us
[   54.809] INFO  Microbench.cpp:401: s1_copy       perpass block   64K  rt p50     101.0 us  p99     130.6  | g2c p50     46.0  c2g p50     49.5  | calib ±11.5 us
[   55.349] INFO  Microbench.cpp:401: s1_copy       perpass block  256K  rt p50     145.4 us  p99     189.5  | g2c p50     56.0  c2g p50     65.4  | calib ±11.3 us
[   56.426] INFO  Microbench.cpp:401: s1_copy       perpass block    1M  rt p50     325.6 us  p99     437.3  | g2c p50    114.9  c2g p50    129.3  | calib ±11.3 us
[   59.909] INFO  Microbench.cpp:401: s1_copy       perpass block    4M  rt p50    1151.0 us  p99    1360.9  | g2c p50    438.3  c2g p50    380.9  | calib ±11.1 us
[   71.782] INFO  Microbench.cpp:401: s1_copy       perpass block   16M  rt p50    4096.0 us  p99    4491.3  | g2c p50   1423.6  c2g p50   1370.3  | calib ±11.1 us
[   71.782] INFO  Microbench.cpp:240: path s2_direct     down=HostVisibleCached up=HostVisibleCoherent
[   72.106] INFO  Microbench.cpp:401: s2_direct     chain   spin     4K  rt p50      60.4 us  p99      74.8  | g2c p50     30.0  c2g p50     29.7  | calib ±11.4 us
[   72.470] INFO  Microbench.cpp:401: s2_direct     chain   spin    64K  rt p50      65.5 us  p99      82.9  | g2c p50     29.9  c2g p50     30.3  | calib ±11.4 us
[   72.961] INFO  Microbench.cpp:401: s2_direct     chain   spin   256K  rt p50      80.9 us  p99     110.6  | g2c p50     29.5  c2g p50     30.5  | calib ±11.4 us
[   73.959] INFO  Microbench.cpp:401: s2_direct     chain   spin     1M  rt p50     141.3 us  p99     183.5  | g2c p50     27.8  c2g p50     32.8  | calib ±11.4 us
[   77.240] INFO  Microbench.cpp:401: s2_direct     chain   spin     4M  rt p50     407.6 us  p99     508.2  | g2c p50     41.7  c2g p50     44.5  | calib ±11.4 us
[   88.831] INFO  Microbench.cpp:401: s2_direct     chain   spin    16M  rt p50    1424.4 us  p99    1702.9  | g2c p50     74.0  c2g p50     74.9  | calib ±11.1 us
[   89.164] INFO  Microbench.cpp:401: s2_direct     chain   block    4K  rt p50      64.5 us  p99     107.5  | g2c p50     33.7  c2g p50     30.2  | calib ±11.4 us
[   89.536] INFO  Microbench.cpp:401: s2_direct     chain   block   64K  rt p50      69.6 us  p99      94.2  | g2c p50     33.7  c2g p50     30.3  | calib ±11.4 us
[   90.034] INFO  Microbench.cpp:401: s2_direct     chain   block  256K  rt p50      85.0 us  p99     128.0  | g2c p50     33.2  c2g p50     30.8  | calib ±11.4 us
[   91.065] INFO  Microbench.cpp:401: s2_direct     chain   block    1M  rt p50     148.5 us  p99     249.0  | g2c p50     32.3  c2g p50     34.2  | calib ±11.6 us
[   94.468] INFO  Microbench.cpp:401: s2_direct     chain   block    4M  rt p50     472.1 us  p99     641.0  | g2c p50     79.4  c2g p50     45.5  | calib ±11.2 us
[  106.432] INFO  Microbench.cpp:401: s2_direct     chain   block   16M  rt p50    1495.0 us  p99    1830.9  | g2c p50    112.5  c2g p50     78.5  | calib ±11.1 us
[  106.772] INFO  Microbench.cpp:401: s2_direct     perpass spin     4K  rt p50      67.6 us  p99      90.2  | g2c p50     31.8  c2g p50     35.5  | calib ±11.3 us
[  107.144] INFO  Microbench.cpp:401: s2_direct     perpass spin    64K  rt p50      72.7 us  p99     105.5  | g2c p50     31.6  c2g p50     35.7  | calib ±11.2 us
[  107.649] INFO  Microbench.cpp:401: s2_direct     perpass spin   256K  rt p50      89.1 us  p99     131.1  | g2c p50     31.4  c2g p50     36.4  | calib ±11.2 us
[  108.668] INFO  Microbench.cpp:401: s2_direct     perpass spin     1M  rt p50     150.5 us  p99     221.2  | g2c p50     29.7  c2g p50     40.9  | calib ±11.2 us
[  111.896] INFO  Microbench.cpp:401: s2_direct     perpass spin     4M  rt p50     403.5 us  p99     543.8  | g2c p50     29.4  c2g p50     54.8  | calib ±11.3 us
[  123.192] INFO  Microbench.cpp:401: s2_direct     perpass spin    16M  rt p50    1364.0 us  p99    1634.3  | g2c p50      4.6  c2g p50     85.9  | calib ±11.3 us
[  123.534] INFO  Microbench.cpp:401: s2_direct     perpass block    4K  rt p50      71.7 us  p99     121.9  | g2c p50     33.5  c2g p50     37.2  | calib ±11.3 us
[  123.915] INFO  Microbench.cpp:401: s2_direct     perpass block   64K  rt p50      75.9 us  p99     120.8  | g2c p50     33.4  c2g p50     37.3  | calib ±11.3 us
[  124.425] INFO  Microbench.cpp:401: s2_direct     perpass block  256K  rt p50      92.2 us  p99     157.7  | g2c p50     33.0  c2g p50     38.1  | calib ±11.1 us
[  125.458] INFO  Microbench.cpp:401: s2_direct     perpass block    1M  rt p50     153.6 us  p99     256.2  | g2c p50     31.6  c2g p50     42.6  | calib ±11.2 us
[  128.818] INFO  Microbench.cpp:401: s2_direct     perpass block    4M  rt p50     471.0 us  p99     686.2  | g2c p50     80.5  c2g p50     55.7  | calib ±11.2 us
[  140.626] INFO  Microbench.cpp:401: s2_direct     perpass block   16M  rt p50    1458.4 us  p99    1843.3  | g2c p50     51.7  c2g p50     94.5  | calib ±11.4 us
[  140.626] INFO  Microbench.cpp:240: path s2_hostcached down=HostVisibleCached up=HostVisibleCached
[  140.958] INFO  Microbench.cpp:401: s2_hostcached chain   spin     4K  rt p50      60.4 us  p99      89.1  | g2c p50     29.8  c2g p50     29.8  | calib ±11.4 us
[  141.320] INFO  Microbench.cpp:401: s2_hostcached chain   spin    64K  rt p50      65.7 us  p99      88.1  | g2c p50     29.4  c2g p50     30.1  | calib ±11.2 us
[  141.822] INFO  Microbench.cpp:401: s2_hostcached chain   spin   256K  rt p50      84.0 us  p99     132.1  | g2c p50     29.1  c2g p50     30.6  | calib ±11.2 us
[  142.858] INFO  Microbench.cpp:401: s2_hostcached chain   spin     1M  rt p50     155.6 us  p99     204.9  | g2c p50     27.4  c2g p50     34.0  | calib ±11.2 us
[  146.302] INFO  Microbench.cpp:401: s2_hostcached chain   spin     4M  rt p50     461.8 us  p99     597.3  | g2c p50     35.6  c2g p50     45.3  | calib ±11.3 us
[  158.645] INFO  Microbench.cpp:401: s2_hostcached chain   spin    16M  rt p50    1734.7 us  p99    2152.6  | g2c p50      1.3  c2g p50     80.2  | calib ±11.2 us
[  158.975] INFO  Microbench.cpp:401: s2_hostcached chain   block    4K  rt p50      63.5 us  p99      98.3  | g2c p50     33.6  c2g p50     29.4  | calib ±11.1 us
[  159.350] INFO  Microbench.cpp:401: s2_hostcached chain   block   64K  rt p50      69.7 us  p99     124.9  | g2c p50     33.6  c2g p50     29.7  | calib ±11.2 us
[  159.863] INFO  Microbench.cpp:401: s2_hostcached chain   block  256K  rt p50      89.1 us  p99     160.8  | g2c p50     33.2  c2g p50     30.5  | calib ±11.3 us
[  160.920] INFO  Microbench.cpp:401: s2_hostcached chain   block    1M  rt p50     160.8 us  p99     280.6  | g2c p50     31.9  c2g p50     34.1  | calib ±11.2 us
[  164.484] INFO  Microbench.cpp:401: s2_hostcached chain   block    4M  rt p50     524.5 us  p99     832.6  | g2c p50     82.9  c2g p50     45.1  | calib ±11.3 us
[  177.243] INFO  Microbench.cpp:401: s2_hostcached chain   block   16M  rt p50    1833.0 us  p99    2224.1  | g2c p50     51.0  c2g p50     82.5  | calib ±11.6 us
[  177.581] INFO  Microbench.cpp:401: s2_hostcached perpass spin     4K  rt p50      67.6 us  p99      85.3  | g2c p50     31.8  c2g p50     35.4  | calib ±11.1 us
[  177.959] INFO  Microbench.cpp:401: s2_hostcached perpass spin    64K  rt p50      73.8 us  p99      94.2  | g2c p50     31.6  c2g p50     35.9  | calib ±11.1 us
[  178.480] INFO  Microbench.cpp:401: s2_hostcached perpass spin   256K  rt p50      93.2 us  p99     132.3  | g2c p50     31.2  c2g p50     37.1  | calib ±11.1 us
[  179.543] INFO  Microbench.cpp:401: s2_hostcached perpass spin     1M  rt p50     166.0 us  p99     236.5  | g2c p50     29.5  c2g p50     43.4  | calib ±11.0 us
[  182.946] INFO  Microbench.cpp:401: s2_hostcached perpass spin     4M  rt p50     462.8 us  p99     580.7  | g2c p50     26.3  c2g p50     55.9  | calib ±11.3 us
[  195.573] INFO  Microbench.cpp:401: s2_hostcached perpass spin    16M  rt p50    1830.9 us  p99    2147.5  | g2c p50     67.8  c2g p50     94.6  | calib ±11.4 us
[  195.920] INFO  Microbench.cpp:401: s2_hostcached perpass block    4K  rt p50      72.7 us  p99     101.4  | g2c p50     33.9  c2g p50     37.8  | calib ±11.4 us
[  196.309] INFO  Microbench.cpp:401: s2_hostcached perpass block   64K  rt p50      79.1 us  p99     119.8  | g2c p50     33.8  c2g p50     38.1  | calib ±11.5 us
[  196.837] INFO  Microbench.cpp:401: s2_hostcached perpass block  256K  rt p50      98.3 us  p99     148.7  | g2c p50     33.6  c2g p50     38.8  | calib ±11.4 us
[  197.909] INFO  Microbench.cpp:401: s2_hostcached perpass block    1M  rt p50     171.0 us  p99     258.2  | g2c p50     31.8  c2g p50     45.0  | calib ±11.2 us
[  201.513] INFO  Microbench.cpp:401: s2_hostcached perpass block    4M  rt p50     546.8 us  p99     708.7  | g2c p50     80.9  c2g p50     58.9  | calib ±11.2 us
[  214.552] INFO  Microbench.cpp:401: s2_hostcached perpass block   16M  rt p50    1909.9 us  p99    2310.2  | g2c p50    128.6  c2g p50     98.7  | calib ±11.3 us
[  214.552] INFO  Microbench.cpp:240: path s2_coherent   down=HostVisibleCoherent up=HostVisibleCoherent
[  215.001] INFO  Microbench.cpp:401: s2_coherent   chain   spin     4K  rt p50     116.7 us  p99     149.6  | g2c p50     29.2  c2g p50     30.2  | calib ±11.3 us
[  217.407] INFO  Microbench.cpp:401: s2_coherent   chain   spin    64K  rt p50     984.1 us  p99    1136.7  | g2c p50     23.1  c2g p50     39.0  | calib ±11.2 us
[  226.105] INFO  Microbench.cpp:401: s2_coherent   chain   spin   256K  rt p50    3781.6 us  p99    4236.3  | g2c p50      2.8  c2g p50     66.0  | calib ±11.1 us
[  259.916] INFO  Microbench.cpp:401: s2_coherent   chain   spin     1M  rt p50   14987.3 us  p99   15715.4  | g2c p50    -85.2  c2g p50    182.2  | calib ±11.3 us
[  394.538] INFO  Microbench.cpp:401: s2_coherent   chain   spin     4M  rt p50   59908.1 us  p99   61465.6  | g2c p50   -412.1  c2g p50    555.8  | calib ±11.1 us
[  930.542] INFO  Microbench.cpp:401: s2_coherent   chain   spin    16M  rt p50  239525.9 us  p99  243679.3  | g2c p50  -1846.1  c2g p50   2020.6  | calib ±11.2 us
[  931.009] INFO  Microbench.cpp:401: s2_coherent   chain   block    4K  rt p50     123.0 us  p99     160.8  | g2c p50     33.8  c2g p50     31.6  | calib ±11.3 us
[  933.490] INFO  Microbench.cpp:401: s2_coherent   chain   block   64K  rt p50     996.4 us  p99    1151.2  | g2c p50     27.1  c2g p50     40.8  | calib ±11.5 us
[  942.203] INFO  Microbench.cpp:401: s2_coherent   chain   block  256K  rt p50    3787.8 us  p99    4238.5  | g2c p50      5.4  c2g p50     68.2  | calib ±11.5 us
[  976.062] INFO  Microbench.cpp:401: s2_coherent   chain   block    1M  rt p50   15011.8 us  p99   15714.4  | g2c p50    -81.1  c2g p50    183.4  | calib ±11.4 us
[ 1111.093] INFO  Microbench.cpp:401: s2_coherent   chain   block    4M  rt p50   60044.3 us  p99   62892.1  | g2c p50   -335.2  c2g p50    562.9  | calib ±11.6 us
[ 1647.231] INFO  Microbench.cpp:401: s2_coherent   chain   block   16M  rt p50  239640.1 us  p99  243804.7  | g2c p50  -1716.7  c2g p50   2014.9  | calib ±11.3 us
[ 1647.697] INFO  Microbench.cpp:401: s2_coherent   perpass spin     4K  rt p50     124.9 us  p99     148.5  | g2c p50     29.8  c2g p50     37.3  | calib ±11.3 us
[ 1650.170] INFO  Microbench.cpp:401: s2_coherent   perpass spin    64K  rt p50     997.4 us  p99    1098.8  | g2c p50     22.7  c2g p50     47.1  | calib ±11.3 us
[ 1658.924] INFO  Microbench.cpp:401: s2_coherent   perpass spin   256K  rt p50    3796.0 us  p99    4167.8  | g2c p50      1.4  c2g p50     78.4  | calib ±11.5 us
[ 1692.793] INFO  Microbench.cpp:401: s2_coherent   perpass spin     1M  rt p50   15015.9 us  p99   15728.7  | g2c p50    -86.1  c2g p50    204.7  | calib ±11.3 us
[ 1827.623] INFO  Microbench.cpp:401: s2_coherent   perpass spin     4M  rt p50   59976.2 us  p99   63085.9  | g2c p50   -407.7  c2g p50    589.0  | calib ±11.0 us
[ 2363.670] INFO  Microbench.cpp:401: s2_coherent   perpass spin    16M  rt p50  239576.1 us  p99  243384.9  | g2c p50  -1779.7  c2g p50   2060.4  | calib ±11.5 us
[ 2364.149] INFO  Microbench.cpp:401: s2_coherent   perpass block    4K  rt p50     130.1 us  p99     170.0  | g2c p50     33.6  c2g p50     39.0  | calib ±11.5 us
[ 2366.639] INFO  Microbench.cpp:401: s2_coherent   perpass block   64K  rt p50    1001.5 us  p99    1136.8  | g2c p50     26.4  c2g p50     49.3  | calib ±11.5 us
[ 2375.415] INFO  Microbench.cpp:401: s2_coherent   perpass block  256K  rt p50    3803.1 us  p99    4163.6  | g2c p50      4.6  c2g p50     78.8  | calib ±11.3 us
[ 2409.294] INFO  Microbench.cpp:401: s2_coherent   perpass block    1M  rt p50   15025.2 us  p99   15821.9  | g2c p50    -84.8  c2g p50    200.2  | calib ±11.3 us
[ 2544.215] INFO  Microbench.cpp:401: s2_coherent   perpass block    4M  rt p50   60074.0 us  p99   62023.7  | g2c p50   -335.3  c2g p50    587.7  | calib ±11.4 us
[ 3080.486] INFO  Microbench.cpp:401: s2_coherent   perpass block   16M  rt p50  239748.7 us  p99  243529.7  | g2c p50  -1685.2  c2g p50   2063.9  | calib ±11.5 us
[ 3080.486] INFO  Microbench.cpp:153: microbench done: results\m1_3060_rebar-off\_running_run3.csv, 0 verification/R7 failures, 0 API errors, thermal state n/a
