[    0.000] INFO  main.cpp:174: lightbound 0.1.0-m1 | mode=microbench strategy=S2 k=1 delay=2 agents=20000 seed=1234 frames=2000 warmup=200 submit=chain cpuwait=spin threads=4 memvariant=default audit=off audio=on preset=none out=results\m1_3060_rebar-off\_running_run3.csv tag=rebar-offrun3 power=off vsync=off validation=off micro-paths=empty,s1_copy,s2_direct,s2_hostcached,s2_coherent
[    0.000] INFO  VulkanGfx.cpp:923: Vulkan loader: C:\dev\Lightbound\build\lightbound.exe
[    0.105] INFO  VulkanGfx.cpp:1251: memory class DeviceLocal            -> type 1 DEVICE_LOCAL heap 8024 MB
[    0.106] INFO  VulkanGfx.cpp:1251: memory class HostVisibleCached      -> type 4 HOST_VISIBLE|HOST_COHERENT|HOST_CACHED heap 16310 MB
[    0.106] INFO  VulkanGfx.cpp:1251: memory class HostVisibleCoherent    -> type 3 HOST_VISIBLE|HOST_COHERENT heap 16310 MB
[    0.106] INFO  VulkanGfx.cpp:1251: memory class DeviceLocalHostVisible -> type 5 DEVICE_LOCAL|HOST_VISIBLE|HOST_COHERENT heap 214 MB
[    0.107] INFO  VulkanGfx.cpp:157: Vulkan device: NVIDIA GeForce RTX 3060 Ti (Vulkan 1.3.289, NVIDIA 566.36 (0x8d890000), unified: no, ReBAR: no, host-cached: yes, clock: QueryPerformanceCounter, headless)
[    0.515] INFO  Microbench.cpp:525: bw_d2h 16M: p50 1284.1 us = 13.07 GB/s
[    0.669] INFO  Microbench.cpp:525: bw_h2d 16M: p50 1273.9 us = 13.17 GB/s
[    0.669] INFO  Microbench.cpp:531: PCIe link under load: gen3 x16 (max gen3 x16)
[    0.670] INFO  Microbench.cpp:270: path empty         down=HostVisibleCached up=HostVisibleCoherent
[    0.994] INFO  Microbench.cpp:466: empty         chain   spin      0  rt p50      60.4 us  p99      95.2  | g2c p50     32.5  c2g p50     28.0  | calib ±11.2 us
[    1.320] INFO  Microbench.cpp:466: empty         chain   block     0  rt p50      62.5 us  p99     100.4  | g2c p50     34.4  c2g p50     27.7  | calib ±11.2 us
[    1.652] INFO  Microbench.cpp:466: empty         perpass spin      0  rt p50      66.6 us  p99     139.3  | g2c p50     32.6  c2g p50     33.8  | calib ±11.1 us
[    1.992] INFO  Microbench.cpp:466: empty         perpass block     0  rt p50      69.9 us  p99     109.6  | g2c p50     34.3  c2g p50     35.6  | calib ±11.2 us
[    1.992] INFO  Microbench.cpp:270: path s1_copy       down=DeviceLocal up=DeviceLocal downStaging=HostVisibleCached upStaging=HostVisibleCoherent
[    2.351] INFO  Microbench.cpp:466: s1_copy       chain   spin     4K  rt p50      74.0 us  p99     126.2  | g2c p50     39.2  c2g p50     34.3  | calib ±11.2 us
[    2.755] INFO  Microbench.cpp:466: s1_copy       chain   spin    64K  rt p50      89.7 us  p99     126.0  | g2c p50     45.5  c2g p50     38.9  | calib ±11.1 us
[    3.275] INFO  Microbench.cpp:466: s1_copy       chain   spin   256K  rt p50     131.1 us  p99     183.3  | g2c p50     56.1  c2g p50     54.2  | calib ±11.0 us
[    4.318] INFO  Microbench.cpp:466: s1_copy       chain   spin     1M  rt p50     312.3 us  p99     406.5  | g2c p50    117.1  c2g p50    114.6  | calib ±11.1 us
[    7.644] INFO  Microbench.cpp:466: s1_copy       chain   spin     4M  rt p50    1056.8 us  p99    1264.7  | g2c p50    369.8  c2g p50    354.9  | calib ±11.1 us
[   19.106] INFO  Microbench.cpp:466: s1_copy       chain   spin    16M  rt p50    3921.4 us  p99    4175.9  | g2c p50   1330.6  c2g p50   1306.8  | calib ±11.1 us
[   19.467] INFO  Microbench.cpp:466: s1_copy       chain   block    4K  rt p50      76.0 us  p99     101.2  | g2c p50     40.6  c2g p50     34.8  | calib ±11.1 us
[   19.875] INFO  Microbench.cpp:466: s1_copy       chain   block   64K  rt p50      92.1 us  p99     125.2  | g2c p50     47.2  c2g p50     39.6  | calib ±11.2 us
[   20.397] INFO  Microbench.cpp:466: s1_copy       chain   block  256K  rt p50     133.1 us  p99     180.2  | g2c p50     57.5  c2g p50     54.9  | calib ±11.0 us
[   21.443] INFO  Microbench.cpp:466: s1_copy       chain   block    1M  rt p50     313.3 us  p99     385.0  | g2c p50    118.4  c2g p50    114.9  | calib ±11.0 us
[   24.959] INFO  Microbench.cpp:466: s1_copy       chain   block    4M  rt p50    1159.2 us  p99    1337.4  | g2c p50    430.0  c2g p50    356.1  | calib ±11.2 us
[   36.645] INFO  Microbench.cpp:466: s1_copy       chain   block   16M  rt p50    4027.4 us  p99    4327.4  | g2c p50   1395.1  c2g p50   1306.7  | calib ±11.9 us
[   37.015] INFO  Microbench.cpp:466: s1_copy       perpass spin     4K  rt p50      80.5 us  p99     114.6  | g2c p50     39.1  c2g p50     40.9  | calib ±11.3 us
[   37.430] INFO  Microbench.cpp:466: s1_copy       perpass spin    64K  rt p50      96.6 us  p99     135.3  | g2c p50     45.5  c2g p50     45.6  | calib ±11.2 us
[   37.959] INFO  Microbench.cpp:466: s1_copy       perpass spin   256K  rt p50     138.2 us  p99     177.2  | g2c p50     55.7  c2g p50     61.2  | calib ±11.1 us
[   38.995] INFO  Microbench.cpp:466: s1_copy       perpass spin     1M  rt p50     316.4 us  p99     355.3  | g2c p50    114.3  c2g p50    122.5  | calib ±11.5 us
[   42.351] INFO  Microbench.cpp:466: s1_copy       perpass spin     4M  rt p50    1071.1 us  p99    1211.4  | g2c p50    381.0  c2g p50    366.2  | calib ±11.2 us
[   54.142] INFO  Microbench.cpp:466: s1_copy       perpass spin    16M  rt p50    4025.3 us  p99    4264.0  | g2c p50   1408.4  c2g p50   1319.0  | calib ±11.3 us
[   54.523] INFO  Microbench.cpp:466: s1_copy       perpass block    4K  rt p50      84.8 us  p99     110.3  | g2c p50     41.2  c2g p50     42.9  | calib ±11.3 us
[   54.949] INFO  Microbench.cpp:466: s1_copy       perpass block   64K  rt p50     101.3 us  p99     132.6  | g2c p50     47.6  c2g p50     47.8  | calib ±11.2 us
[   55.488] INFO  Microbench.cpp:466: s1_copy       perpass block  256K  rt p50     143.4 us  p99     167.9  | g2c p50     58.3  c2g p50     63.2  | calib ±11.0 us
[   56.547] INFO  Microbench.cpp:466: s1_copy       perpass block    1M  rt p50     325.6 us  p99     367.6  | g2c p50    118.7  c2g p50    125.2  | calib ±11.2 us
[   60.097] INFO  Microbench.cpp:466: s1_copy       perpass block    4M  rt p50    1155.1 us  p99    1290.3  | g2c p50    441.8  c2g p50    368.9  | calib ±11.2 us
[   72.134] INFO  Microbench.cpp:466: s1_copy       perpass block   16M  rt p50    4117.5 us  p99    4461.7  | g2c p50   1476.8  c2g p50   1322.5  | calib ±11.3 us
[   72.134] INFO  Microbench.cpp:270: path s2_direct     down=HostVisibleCached up=HostVisibleCoherent
[   72.457] INFO  Microbench.cpp:466: s2_direct     chain   spin     4K  rt p50      59.4 us  p99      80.0  | g2c p50     30.7  c2g p50     28.3  | calib ±11.3 us
[   72.821] INFO  Microbench.cpp:466: s2_direct     chain   spin    64K  rt p50      65.5 us  p99      91.2  | g2c p50     30.8  c2g p50     28.4  | calib ±11.3 us
[   73.316] INFO  Microbench.cpp:466: s2_direct     chain   spin   256K  rt p50      80.9 us  p99     116.7  | g2c p50     31.0  c2g p50     28.2  | calib ±11.2 us
[   74.324] INFO  Microbench.cpp:466: s2_direct     chain   spin     1M  rt p50     141.3 us  p99     216.1  | g2c p50     32.5  c2g p50     28.5  | calib ±11.2 us
[   77.586] INFO  Microbench.cpp:466: s2_direct     chain   spin     4M  rt p50     385.0 us  p99     522.6  | g2c p50     34.4  c2g p50     30.9  | calib ±11.3 us
[   88.964] INFO  Microbench.cpp:466: s2_direct     chain   spin    16M  rt p50    1358.8 us  p99    1650.7  | g2c p50     36.7  c2g p50     32.0  | calib ±11.2 us
[   89.294] INFO  Microbench.cpp:466: s2_direct     chain   block    4K  rt p50      63.5 us  p99     105.5  | g2c p50     34.5  c2g p50     28.0  | calib ±11.2 us
[   89.666] INFO  Microbench.cpp:466: s2_direct     chain   block   64K  rt p50      67.8 us  p99     120.9  | g2c p50     34.6  c2g p50     28.0  | calib ±11.2 us
[   90.167] INFO  Microbench.cpp:466: s2_direct     chain   block  256K  rt p50      84.2 us  p99     129.3  | g2c p50     34.7  c2g p50     27.9  | calib ±11.1 us
[   91.187] INFO  Microbench.cpp:466: s2_direct     chain   block    1M  rt p50     145.4 us  p99     235.5  | g2c p50     35.6  c2g p50     28.5  | calib ±11.2 us
[   94.674] INFO  Microbench.cpp:466: s2_direct     chain   block    4M  rt p50     473.1 us  p99     634.9  | g2c p50     95.6  c2g p50     31.6  | calib ±11.2 us
[  106.306] INFO  Microbench.cpp:466: s2_direct     chain   block   16M  rt p50    1463.4 us  p99    1784.9  | g2c p50    114.0  c2g p50     32.6  | calib ±11.3 us
[  106.640] INFO  Microbench.cpp:466: s2_direct     perpass spin     4K  rt p50      66.6 us  p99     108.6  | g2c p50     32.4  c2g p50     33.9  | calib ±11.1 us
[  107.016] INFO  Microbench.cpp:466: s2_direct     perpass spin    64K  rt p50      72.7 us  p99     110.6  | g2c p50     32.8  c2g p50     34.1  | calib ±11.4 us
[  107.527] INFO  Microbench.cpp:466: s2_direct     perpass spin   256K  rt p50      89.2 us  p99     136.2  | g2c p50     33.0  c2g p50     34.6  | calib ±11.4 us
[  108.569] INFO  Microbench.cpp:466: s2_direct     perpass spin     1M  rt p50     153.6 us  p99     224.3  | g2c p50     33.2  c2g p50     37.1  | calib ±12.8 us
[  111.840] INFO  Microbench.cpp:466: s2_direct     perpass spin     4M  rt p50     405.6 us  p99     499.9  | g2c p50     37.1  c2g p50     41.6  | calib ±11.3 us
[  123.144] INFO  Microbench.cpp:466: s2_direct     perpass spin    16M  rt p50    1359.9 us  p99    1596.5  | g2c p50     36.8  c2g p50     43.3  | calib ±11.2 us
[  123.488] INFO  Microbench.cpp:466: s2_direct     perpass block    4K  rt p50      71.7 us  p99     106.5  | g2c p50     34.6  c2g p50     36.0  | calib ±11.2 us
[  123.870] INFO  Microbench.cpp:466: s2_direct     perpass block   64K  rt p50      75.8 us  p99     107.5  | g2c p50     34.4  c2g p50     36.0  | calib ±11.3 us
[  124.382] INFO  Microbench.cpp:466: s2_direct     perpass block  256K  rt p50      92.2 us  p99     133.2  | g2c p50     34.6  c2g p50     36.0  | calib ±11.2 us
[  125.424] INFO  Microbench.cpp:466: s2_direct     perpass block    1M  rt p50     165.1 us  p99     244.8  | g2c p50     34.9  c2g p50     38.1  | calib ±11.1 us
[  128.810] INFO  Microbench.cpp:466: s2_direct     perpass block    4M  rt p50     471.0 us  p99     611.6  | g2c p50     94.8  c2g p50     42.5  | calib ±11.1 us
[  140.403] INFO  Microbench.cpp:466: s2_direct     perpass block   16M  rt p50    1460.3 us  p99    1773.6  | g2c p50    102.6  c2g p50     46.4  | calib ±11.4 us
[  140.403] INFO  Microbench.cpp:270: path s2_hostcached down=HostVisibleCached up=HostVisibleCached
[  140.725] INFO  Microbench.cpp:466: s2_hostcached chain   spin     4K  rt p50      59.4 us  p99      86.0  | g2c p50     30.1  c2g p50     28.1  | calib ±11.2 us
[  141.086] INFO  Microbench.cpp:466: s2_hostcached chain   spin    64K  rt p50      64.6 us  p99     106.5  | g2c p50     30.2  c2g p50     28.1  | calib ±11.2 us
[  141.586] INFO  Microbench.cpp:466: s2_hostcached chain   spin   256K  rt p50      84.0 us  p99     128.0  | g2c p50     30.4  c2g p50     28.1  | calib ±11.0 us
[  142.628] INFO  Microbench.cpp:466: s2_hostcached chain   spin     1M  rt p50     155.7 us  p99     204.1  | g2c p50     30.5  c2g p50     29.7  | calib ±11.1 us
[  146.081] INFO  Microbench.cpp:466: s2_hostcached chain   spin     4M  rt p50     459.9 us  p99     589.9  | g2c p50     49.1  c2g p50     31.7  | calib ±11.1 us
[  158.366] INFO  Microbench.cpp:466: s2_hostcached chain   spin    16M  rt p50    1741.8 us  p99    2062.3  | g2c p50     37.5  c2g p50     33.1  | calib ±11.3 us
[  158.695] INFO  Microbench.cpp:466: s2_hostcached chain   block    4K  rt p50      62.7 us  p99     109.6  | g2c p50     34.3  c2g p50     27.9  | calib ±11.0 us
[  159.065] INFO  Microbench.cpp:466: s2_hostcached chain   block   64K  rt p50      68.7 us  p99     110.9  | g2c p50     34.4  c2g p50     27.9  | calib ±11.0 us
[  159.577] INFO  Microbench.cpp:466: s2_hostcached chain   block  256K  rt p50      88.1 us  p99     156.7  | g2c p50     34.6  c2g p50     27.9  | calib ±11.0 us
[  160.636] INFO  Microbench.cpp:466: s2_hostcached chain   block    1M  rt p50     160.8 us  p99     235.9  | g2c p50     35.1  c2g p50     29.8  | calib ±12.1 us
[  164.234] INFO  Microbench.cpp:466: s2_hostcached chain   block    4M  rt p50     525.3 us  p99     658.5  | g2c p50     96.5  c2g p50     31.6  | calib ±11.1 us
[  177.063] INFO  Microbench.cpp:466: s2_hostcached chain   block   16M  rt p50    1907.8 us  p99    2201.6  | g2c p50    190.3  c2g p50     33.3  | calib ±11.5 us
[  177.392] INFO  Microbench.cpp:466: s2_hostcached perpass spin     4K  rt p50      65.5 us  p99      77.0  | g2c p50     30.8  c2g p50     34.1  | calib ±11.2 us
[  177.764] INFO  Microbench.cpp:466: s2_hostcached perpass spin    64K  rt p50      71.7 us  p99      90.1  | g2c p50     30.8  c2g p50     34.1  | calib ±11.2 us
[  178.274] INFO  Microbench.cpp:466: s2_hostcached perpass spin   256K  rt p50      91.1 us  p99     121.9  | g2c p50     31.0  c2g p50     34.4  | calib ±11.1 us
[  179.326] INFO  Microbench.cpp:466: s2_hostcached perpass spin     1M  rt p50     164.9 us  p99     200.7  | g2c p50     31.0  c2g p50     38.4  | calib ±11.2 us
[  182.809] INFO  Microbench.cpp:466: s2_hostcached perpass spin     4M  rt p50     476.3 us  p99     525.4  | g2c p50     52.9  c2g p50     42.7  | calib ±11.2 us
[  195.431] INFO  Microbench.cpp:466: s2_hostcached perpass spin    16M  rt p50    1833.0 us  p99    2101.4  | g2c p50    122.3  c2g p50     46.2  | calib ±11.2 us
[  195.771] INFO  Microbench.cpp:466: s2_hostcached perpass block    4K  rt p50      70.7 us  p99      98.3  | g2c p50     34.3  c2g p50     35.5  | calib ±11.2 us
[  196.158] INFO  Microbench.cpp:466: s2_hostcached perpass block   64K  rt p50      77.8 us  p99     105.5  | g2c p50     34.6  c2g p50     36.3  | calib ±11.5 us
[  196.677] INFO  Microbench.cpp:466: s2_hostcached perpass block  256K  rt p50      95.4 us  p99     126.0  | g2c p50     34.4  c2g p50     36.1  | calib ±11.0 us
[  197.737] INFO  Microbench.cpp:466: s2_hostcached perpass block    1M  rt p50     170.0 us  p99     208.1  | g2c p50     34.5  c2g p50     40.6  | calib ±11.2 us
[  201.358] INFO  Microbench.cpp:466: s2_hostcached perpass block    4M  rt p50     540.7 us  p99     688.1  | g2c p50     95.2  c2g p50     43.3  | calib ±11.2 us
[  214.052] INFO  Microbench.cpp:466: s2_hostcached perpass block   16M  rt p50    1876.0 us  p99    2238.5  | g2c p50    107.6  c2g p50     48.7  | calib ±11.2 us
[  214.052] INFO  Microbench.cpp:270: path s2_coherent   down=HostVisibleCoherent up=HostVisibleCoherent
[  214.500] INFO  Microbench.cpp:466: s2_coherent   chain   spin     4K  rt p50     115.8 us  p99     150.5  | g2c p50     30.2  c2g p50     28.1  | calib ±11.2 us
[  216.942] INFO  Microbench.cpp:466: s2_coherent   chain   spin    64K  rt p50     988.2 us  p99    1145.9  | g2c p50     33.0  c2g p50     28.8  | calib ±11.2 us
[  225.698] INFO  Microbench.cpp:466: s2_coherent   chain   spin   256K  rt p50    3777.5 us  p99    4145.8  | g2c p50     32.8  c2g p50     31.0  | calib ±11.2 us
[  259.731] INFO  Microbench.cpp:466: s2_coherent   chain   spin     1M  rt p50   14994.4 us  p99   15724.9  | g2c p50     35.5  c2g p50     57.2  | calib ±11.4 us
[  394.806] INFO  Microbench.cpp:466: s2_coherent   chain   spin     4M  rt p50   59879.9 us  p99   61353.0  | g2c p50     53.2  c2g p50     70.4  | calib ±11.6 us
[  929.745] INFO  Microbench.cpp:466: s2_coherent   chain   spin    16M  rt p50  238981.1 us  p99  243213.6  | g2c p50     55.1  c2g p50     78.8  | calib ±12.2 us
[  930.208] INFO  Microbench.cpp:466: s2_coherent   chain   block    4K  rt p50     121.9 us  p99     170.0  | g2c p50     34.5  c2g p50     29.2  | calib ±11.5 us
[  932.636] INFO  Microbench.cpp:466: s2_coherent   chain   block   64K  rt p50     987.1 us  p99    1085.5  | g2c p50     35.0  c2g p50     30.9  | calib ±11.5 us
[  941.695] INFO  Microbench.cpp:466: s2_coherent   chain   block  256K  rt p50    3910.7 us  p99    4474.9  | g2c p50     36.4  c2g p50     32.1  | calib ±12.3 us
[  977.125] INFO  Microbench.cpp:466: s2_coherent   chain   block    1M  rt p50   15539.7 us  p99   16888.0  | g2c p50     39.8  c2g p50     58.5  | calib ±12.8 us
[ 1116.144] INFO  Microbench.cpp:466: s2_coherent   chain   block    4M  rt p50   61641.7 us  p99   64006.2  | g2c p50     88.9  c2g p50     66.5  | calib ±22.7 us
[ 1653.109] INFO  Microbench.cpp:466: s2_coherent   chain   block   16M  rt p50  239271.4 us  p99  243759.4  | g2c p50    151.9  c2g p50     88.8  | calib ±13.6 us
[ 1653.579] INFO  Microbench.cpp:466: s2_coherent   perpass spin     4K  rt p50     126.0 us  p99     156.7  | g2c p50     32.8  c2g p50     35.5  | calib ±11.5 us
[ 1656.023] INFO  Microbench.cpp:466: s2_coherent   perpass spin    64K  rt p50     991.2 us  p99    1126.5  | g2c p50     30.6  c2g p50     37.2  | calib ±11.5 us
[ 1664.830] INFO  Microbench.cpp:466: s2_coherent   perpass spin   256K  rt p50    3792.9 us  p99    4150.3  | g2c p50     33.7  c2g p50     41.6  | calib ±11.5 us
[ 1698.916] INFO  Microbench.cpp:466: s2_coherent   perpass spin     1M  rt p50   15000.6 us  p99   15687.7  | g2c p50     35.3  c2g p50     71.0  | calib ±11.6 us
[ 1833.638] INFO  Microbench.cpp:466: s2_coherent   perpass spin     4M  rt p50   59792.5 us  p99   61150.5  | g2c p50     55.9  c2g p50     94.4  | calib ±11.8 us
[ 2368.968] INFO  Microbench.cpp:466: s2_coherent   perpass spin    16M  rt p50  239087.6 us  p99  246122.7  | g2c p50     58.1  c2g p50    134.1  | calib ±12.5 us
[ 2369.446] INFO  Microbench.cpp:466: s2_coherent   perpass block    4K  rt p50     129.0 us  p99     169.0  | g2c p50     34.5  c2g p50     36.9  | calib ±11.4 us
[ 2371.920] INFO  Microbench.cpp:466: s2_coherent   perpass block   64K  rt p50     996.4 us  p99    1176.7  | g2c p50     34.9  c2g p50     38.0  | calib ±11.7 us
[ 2380.728] INFO  Microbench.cpp:466: s2_coherent   perpass block  256K  rt p50    3793.9 us  p99    4151.4  | g2c p50     36.5  c2g p50     41.2  | calib ±11.5 us
[ 2414.755] INFO  Microbench.cpp:466: s2_coherent   perpass block    1M  rt p50   15003.7 us  p99   15635.5  | g2c p50     38.0  c2g p50     72.7  | calib ±12.3 us
[ 2549.708] INFO  Microbench.cpp:466: s2_coherent   perpass block    4M  rt p50   59889.7 us  p99   61150.4  | g2c p50    124.5  c2g p50     95.0  | calib ±11.7 us
[ 3084.960] INFO  Microbench.cpp:466: s2_coherent   perpass block   16M  rt p50  239174.7 us  p99  242875.5  | g2c p50    177.4  c2g p50    130.4  | calib ±13.8 us

round-trip p50 / p99 (us), P-3060
path          submit  wait                  0                4K               64K              256K                1M                4M               16M
empty         chain   spin      60.4/    95.2                 -                 -                 -                 -                 -                 -
empty         chain   block     62.5/   100.4                 -                 -                 -                 -                 -                 -
empty         perpass spin      66.6/   139.3                 -                 -                 -                 -                 -                 -
empty         perpass block     69.9/   109.6                 -                 -                 -                 -                 -                 -
s1_copy       chain   spin                  -     74.0/   126.2     89.7/   126.0    131.1/   183.3    312.3/   406.5   1056.8/  1264.7   3921.4/  4175.9
s1_copy       chain   block                 -     76.0/   101.2     92.1/   125.2    133.1/   180.2    313.3/   385.0   1159.2/  1337.4   4027.4/  4327.4
s1_copy       perpass spin                  -     80.5/   114.6     96.6/   135.3    138.2/   177.2    316.4/   355.3   1071.1/  1211.4   4025.3/  4264.0
s1_copy       perpass block                 -     84.8/   110.3    101.3/   132.6    143.4/   167.9    325.6/   367.6   1155.1/  1290.3   4117.5/  4461.7
s2_direct     chain   spin                  -     59.4/    80.0     65.5/    91.2     80.9/   116.7    141.3/   216.1    385.0/   522.6   1358.8/  1650.7
s2_direct     chain   block                 -     63.5/   105.5     67.8/   120.9     84.2/   129.3    145.4/   235.5    473.1/   634.9   1463.4/  1784.9
s2_direct     perpass spin                  -     66.6/   108.6     72.7/   110.6     89.2/   136.2    153.6/   224.3    405.6/   499.9   1359.9/  1596.5
s2_direct     perpass block                 -     71.7/   106.5     75.8/   107.5     92.2/   133.2    165.1/   244.8    471.0/   611.6   1460.3/  1773.6
s2_hostcached chain   spin                  -     59.4/    86.0     64.6/   106.5     84.0/   128.0    155.7/   204.1    459.9/   589.9   1741.8/  2062.3
s2_hostcached chain   block                 -     62.7/   109.6     68.7/   110.9     88.1/   156.7    160.8/   235.9    525.3/   658.5   1907.8/  2201.6
s2_hostcached perpass spin                  -     65.5/    77.0     71.7/    90.1     91.1/   121.9    164.9/   200.7    476.3/   525.4   1833.0/  2101.4
s2_hostcached perpass block                 -     70.7/    98.3     77.8/   105.5     95.4/   126.0    170.0/   208.1    540.7/   688.1   1876.0/  2238.5
s2_coherent   chain   spin                  -    115.8/   150.5    988.2/  1145.9   3777.5/  4145.8  14994.4/ 15724.9  59879.9/ 61353.0 238981.1/243213.6
s2_coherent   chain   block                 -    121.9/   170.0    987.1/  1085.5   3910.7/  4474.9  15539.7/ 16888.0  61641.7/ 64006.2 239271.4/243759.4
s2_coherent   perpass spin                  -    126.0/   156.7    991.2/  1126.5   3792.9/  4150.3  15000.6/ 15687.7  59792.5/ 61150.5 239087.6/246122.7
s2_coherent   perpass block                 -    129.0/   169.0    996.4/  1176.7   3793.9/  4151.4  15003.7/ 15635.5  59889.7/ 61150.4 239174.7/242875.5
[ 3084.960] INFO  Microbench.cpp:183: microbench done: results\m1_3060_rebar-off\_running_run3.csv, 0 verification/R7 failures, 0 API errors, thermal state n/a
