[    0.000] INFO  main.cpp:174: lightbound 0.1.0-m1 | mode=microbench strategy=S2 k=1 delay=2 agents=20000 seed=1234 frames=2000 warmup=200 submit=chain cpuwait=spin threads=4 memvariant=default audit=off audio=on preset=none out=results\m1_3060_rebar-off\_running_run2.csv tag=rebar-offrun2 power=off vsync=off validation=off micro-paths=empty,s1_copy,s2_direct,s2_hostcached,s2_coherent
[    0.000] INFO  VulkanGfx.cpp:923: Vulkan loader: C:\dev\Lightbound\build\lightbound.exe
[    0.103] INFO  VulkanGfx.cpp:1251: memory class DeviceLocal            -> type 1 DEVICE_LOCAL heap 8024 MB
[    0.104] INFO  VulkanGfx.cpp:1251: memory class HostVisibleCached      -> type 4 HOST_VISIBLE|HOST_COHERENT|HOST_CACHED heap 16310 MB
[    0.104] INFO  VulkanGfx.cpp:1251: memory class HostVisibleCoherent    -> type 3 HOST_VISIBLE|HOST_COHERENT heap 16310 MB
[    0.104] INFO  VulkanGfx.cpp:1251: memory class DeviceLocalHostVisible -> type 5 DEVICE_LOCAL|HOST_VISIBLE|HOST_COHERENT heap 214 MB
[    0.105] INFO  VulkanGfx.cpp:157: Vulkan device: NVIDIA GeForce RTX 3060 Ti (Vulkan 1.3.289, NVIDIA 566.36 (0x8d890000), unified: no, ReBAR: no, host-cached: yes, clock: QueryPerformanceCounter, headless)
[    0.467] INFO  Microbench.cpp:525: bw_d2h 16M: p50 1356.3 us = 12.37 GB/s
[    0.621] INFO  Microbench.cpp:525: bw_h2d 16M: p50 1264.6 us = 13.27 GB/s
[    0.621] INFO  Microbench.cpp:531: PCIe link under load: gen3 x16 (max gen3 x16)
[    0.622] INFO  Microbench.cpp:270: path empty         down=HostVisibleCached up=HostVisibleCoherent
[    0.947] INFO  Microbench.cpp:466: empty         chain   spin      0  rt p50      60.4 us  p99      85.0  | g2c p50     32.8  c2g p50     27.8  | calib ±11.3 us
[    1.278] INFO  Microbench.cpp:466: empty         chain   block     0  rt p50      62.5 us  p99      98.3  | g2c p50     34.4  c2g p50     27.8  | calib ±11.3 us
[    1.610] INFO  Microbench.cpp:466: empty         perpass spin      0  rt p50      66.6 us  p99      88.1  | g2c p50     32.6  c2g p50     34.1  | calib ±11.4 us
[    1.947] INFO  Microbench.cpp:466: empty         perpass block     0  rt p50      69.6 us  p99     100.6  | g2c p50     34.2  c2g p50     35.4  | calib ±11.3 us
[    1.947] INFO  Microbench.cpp:270: path s1_copy       down=DeviceLocal up=DeviceLocal downStaging=HostVisibleCached upStaging=HostVisibleCoherent
[    2.309] INFO  Microbench.cpp:466: s1_copy       chain   spin     4K  rt p50      74.0 us  p99     108.1  | g2c p50     39.1  c2g p50     34.4  | calib ±11.4 us
[    2.714] INFO  Microbench.cpp:466: s1_copy       chain   spin    64K  rt p50      89.9 us  p99     127.3  | g2c p50     45.5  c2g p50     39.1  | calib ±12.5 us
[    3.232] INFO  Microbench.cpp:466: s1_copy       chain   spin   256K  rt p50     132.1 us  p99     161.8  | g2c p50     56.0  c2g p50     54.5  | calib ±11.3 us
[    4.270] INFO  Microbench.cpp:466: s1_copy       chain   spin     1M  rt p50     312.3 us  p99     359.5  | g2c p50    117.1  c2g p50    114.4  | calib ±11.3 us
[    7.600] INFO  Microbench.cpp:466: s1_copy       chain   spin     4M  rt p50    1062.9 us  p99    1233.9  | g2c p50    379.7  c2g p50    353.3  | calib ±11.4 us
[   19.093] INFO  Microbench.cpp:466: s1_copy       chain   spin    16M  rt p50    3935.2 us  p99    4241.5  | g2c p50   1335.2  c2g p50   1297.8  | calib ±11.6 us
[   19.457] INFO  Microbench.cpp:466: s1_copy       chain   block    4K  rt p50      76.3 us  p99      95.9  | g2c p50     40.6  c2g p50     35.0  | calib ±11.5 us
[   19.866] INFO  Microbench.cpp:466: s1_copy       chain   block   64K  rt p50      92.6 us  p99     109.4  | g2c p50     47.1  c2g p50     39.7  | calib ±11.5 us
[   20.387] INFO  Microbench.cpp:466: s1_copy       chain   block  256K  rt p50     133.1 us  p99     164.9  | g2c p50     57.5  c2g p50     54.8  | calib ±11.4 us
[   21.426] INFO  Microbench.cpp:466: s1_copy       chain   block    1M  rt p50     313.3 us  p99     382.0  | g2c p50    118.5  c2g p50    114.8  | calib ±11.4 us
[   24.980] INFO  Microbench.cpp:466: s1_copy       chain   block    4M  rt p50    1168.4 us  p99    1332.3  | g2c p50    425.3  c2g p50    355.1  | calib ±11.7 us
[   36.928] INFO  Microbench.cpp:466: s1_copy       chain   block   16M  rt p50    4062.2 us  p99    4388.9  | g2c p50   1468.8  c2g p50   1298.0  | calib ±11.7 us
[   37.293] INFO  Microbench.cpp:466: s1_copy       perpass spin     4K  rt p50      78.9 us  p99      90.3  | g2c p50     37.2  c2g p50     41.1  | calib ±11.4 us
[   37.702] INFO  Microbench.cpp:466: s1_copy       perpass spin    64K  rt p50      95.0 us  p99     105.2  | g2c p50     43.6  c2g p50     45.8  | calib ±11.5 us
[   38.227] INFO  Microbench.cpp:466: s1_copy       perpass spin   256K  rt p50     137.2 us  p99     159.7  | g2c p50     54.0  c2g p50     61.3  | calib ±11.5 us
[   39.267] INFO  Microbench.cpp:466: s1_copy       perpass spin     1M  rt p50     318.5 us  p99     345.1  | g2c p50    114.8  c2g p50    122.5  | calib ±11.4 us
[   42.644] INFO  Microbench.cpp:466: s1_copy       perpass spin     4M  rt p50    1072.1 us  p99    1202.2  | g2c p50    381.6  c2g p50    365.2  | calib ±11.5 us
[   54.404] INFO  Microbench.cpp:466: s1_copy       perpass spin    16M  rt p50    3995.6 us  p99    4334.6  | g2c p50   1400.2  c2g p50   1309.0  | calib ±11.7 us
[   54.786] INFO  Microbench.cpp:466: s1_copy       perpass block    4K  rt p50      84.8 us  p99     104.7  | g2c p50     41.1  c2g p50     43.1  | calib ±11.6 us
[   55.210] INFO  Microbench.cpp:466: s1_copy       perpass block   64K  rt p50     100.9 us  p99     119.7  | g2c p50     47.3  c2g p50     47.9  | calib ±11.7 us
[   55.750] INFO  Microbench.cpp:466: s1_copy       perpass block  256K  rt p50     143.4 us  p99     177.2  | g2c p50     57.7  c2g p50     63.4  | calib ±11.4 us
[   56.841] INFO  Microbench.cpp:466: s1_copy       perpass block    1M  rt p50     340.0 us  p99     407.6  | g2c p50    119.1  c2g p50    125.5  | calib ±11.5 us
[   60.472] INFO  Microbench.cpp:466: s1_copy       perpass block    4M  rt p50    1186.8 us  p99    1389.6  | g2c p50    457.3  c2g p50    365.9  | calib ±11.5 us
[   72.425] INFO  Microbench.cpp:466: s1_copy       perpass block   16M  rt p50    4073.5 us  p99    4512.9  | g2c p50   1461.3  c2g p50   1318.0  | calib ±11.5 us
[   72.425] INFO  Microbench.cpp:270: path s2_direct     down=HostVisibleCached up=HostVisibleCoherent
[   72.745] INFO  Microbench.cpp:466: s2_direct     chain   spin     4K  rt p50      59.4 us  p99      69.6  | g2c p50     30.3  c2g p50     28.2  | calib ±11.5 us
[   73.103] INFO  Microbench.cpp:466: s2_direct     chain   spin    64K  rt p50      63.7 us  p99      70.7  | g2c p50     30.1  c2g p50     28.3  | calib ±11.5 us
[   73.590] INFO  Microbench.cpp:466: s2_direct     chain   spin   256K  rt p50      79.9 us  p99     112.6  | g2c p50     30.3  c2g p50     28.1  | calib ±11.4 us
[   74.602] INFO  Microbench.cpp:466: s2_direct     chain   spin     1M  rt p50     143.4 us  p99     213.0  | g2c p50     33.2  c2g p50     28.4  | calib ±11.5 us
[   77.835] INFO  Microbench.cpp:466: s2_direct     chain   spin     4M  rt p50     384.0 us  p99     542.7  | g2c p50     34.3  c2g p50     30.9  | calib ±12.7 us
[   89.143] INFO  Microbench.cpp:466: s2_direct     chain   spin    16M  rt p50    1350.7 us  p99    1658.9  | g2c p50     37.3  c2g p50     32.0  | calib ±11.7 us
[   89.471] INFO  Microbench.cpp:466: s2_direct     chain   block    4K  rt p50      62.7 us  p99      89.2  | g2c p50     34.4  c2g p50     28.0  | calib ±11.3 us
[   89.840] INFO  Microbench.cpp:466: s2_direct     chain   block   64K  rt p50      67.8 us  p99     103.5  | g2c p50     34.4  c2g p50     28.0  | calib ±11.3 us
[   90.337] INFO  Microbench.cpp:466: s2_direct     chain   block  256K  rt p50      84.0 us  p99     122.9  | g2c p50     34.5  c2g p50     28.0  | calib ±11.3 us
[   91.345] INFO  Microbench.cpp:466: s2_direct     chain   block    1M  rt p50     143.4 us  p99     222.3  | g2c p50     34.6  c2g p50     28.8  | calib ±11.3 us
[   94.722] INFO  Microbench.cpp:466: s2_direct     chain   block    4M  rt p50     459.8 us  p99     580.7  | g2c p50     96.4  c2g p50     31.4  | calib ±11.4 us
[  106.195] INFO  Microbench.cpp:466: s2_direct     chain   block   16M  rt p50    1417.4 us  p99    1716.5  | g2c p50    105.7  c2g p50     32.0  | calib ±11.6 us
[  106.529] INFO  Microbench.cpp:466: s2_direct     perpass spin     4K  rt p50      67.6 us  p99      78.9  | g2c p50     32.6  c2g p50     34.2  | calib ±11.5 us
[  106.903] INFO  Microbench.cpp:466: s2_direct     perpass spin    64K  rt p50      72.7 us  p99      79.9  | g2c p50     32.6  c2g p50     34.1  | calib ±11.4 us
[  107.405] INFO  Microbench.cpp:466: s2_direct     perpass spin   256K  rt p50      88.1 us  p99     103.4  | g2c p50     32.8  c2g p50     34.2  | calib ±11.4 us
[  108.427] INFO  Microbench.cpp:466: s2_direct     perpass spin     1M  rt p50     149.8 us  p99     189.6  | g2c p50     33.0  c2g p50     36.5  | calib ±11.5 us
[  111.696] INFO  Microbench.cpp:466: s2_direct     perpass spin     4M  rt p50     406.5 us  p99     463.9  | g2c p50     40.9  c2g p50     41.7  | calib ±11.4 us
[  123.029] INFO  Microbench.cpp:466: s2_direct     perpass spin    16M  rt p50    1357.8 us  p99    1648.6  | g2c p50     36.4  c2g p50     43.3  | calib ±11.4 us
[  123.370] INFO  Microbench.cpp:466: s2_direct     perpass block    4K  rt p50      70.7 us  p99     104.5  | g2c p50     34.3  c2g p50     35.6  | calib ±11.4 us
[  123.749] INFO  Microbench.cpp:466: s2_direct     perpass block   64K  rt p50      75.8 us  p99     103.4  | g2c p50     34.2  c2g p50     35.6  | calib ±11.3 us
[  124.258] INFO  Microbench.cpp:466: s2_direct     perpass block  256K  rt p50      91.1 us  p99     129.0  | g2c p50     34.3  c2g p50     35.8  | calib ±11.3 us
[  125.280] INFO  Microbench.cpp:466: s2_direct     perpass block    1M  rt p50     152.7 us  p99     199.7  | g2c p50     34.3  c2g p50     37.8  | calib ±11.4 us
[  128.651] INFO  Microbench.cpp:466: s2_direct     perpass block    4M  rt p50     474.1 us  p99     546.8  | g2c p50     91.6  c2g p50     43.9  | calib ±11.4 us
[  140.090] INFO  Microbench.cpp:466: s2_direct     perpass block   16M  rt p50    1425.4 us  p99    1696.8  | g2c p50    101.6  c2g p50     44.1  | calib ±12.6 us
[  140.090] INFO  Microbench.cpp:270: path s2_hostcached down=HostVisibleCached up=HostVisibleCached
[  140.415] INFO  Microbench.cpp:466: s2_hostcached chain   spin     4K  rt p50      59.4 us  p99      86.1  | g2c p50     30.2  c2g p50     28.3  | calib ±11.4 us
[  140.780] INFO  Microbench.cpp:466: s2_hostcached chain   spin    64K  rt p50      66.6 us  p99      78.9  | g2c p50     30.3  c2g p50     28.2  | calib ±11.3 us
[  141.281] INFO  Microbench.cpp:466: s2_hostcached chain   spin   256K  rt p50      84.0 us  p99     111.6  | g2c p50     30.3  c2g p50     28.2  | calib ±11.3 us
[  142.320] INFO  Microbench.cpp:466: s2_hostcached chain   spin     1M  rt p50     155.6 us  p99     194.6  | g2c p50     30.5  c2g p50     29.7  | calib ±11.4 us
[  145.837] INFO  Microbench.cpp:466: s2_hostcached chain   spin     4M  rt p50     477.2 us  p99     534.5  | g2c p50     53.1  c2g p50     32.6  | calib ±11.6 us
[  158.359] INFO  Microbench.cpp:466: s2_hostcached chain   spin    16M  rt p50    1808.4 us  p99    2045.2  | g2c p50    122.9  c2g p50     32.9  | calib ±11.6 us
[  158.691] INFO  Microbench.cpp:466: s2_hostcached chain   block    4K  rt p50      63.6 us  p99      75.8  | g2c p50     34.5  c2g p50     28.6  | calib ±11.4 us
[  159.063] INFO  Microbench.cpp:466: s2_hostcached chain   block   64K  rt p50      69.6 us  p99      88.1  | g2c p50     34.6  c2g p50     28.6  | calib ±11.5 us
[  159.573] INFO  Microbench.cpp:466: s2_hostcached chain   block  256K  rt p50      88.3 us  p99     114.7  | g2c p50     34.7  c2g p50     28.6  | calib ±11.4 us
[  160.625] INFO  Microbench.cpp:466: s2_hostcached chain   block    1M  rt p50     160.8 us  p99     198.7  | g2c p50     34.9  c2g p50     30.3  | calib ±11.4 us
[  164.267] INFO  Microbench.cpp:466: s2_hostcached chain   block    4M  rt p50     539.6 us  p99     630.8  | g2c p50     93.3  c2g p50     32.7  | calib ±11.5 us
[  177.099] INFO  Microbench.cpp:466: s2_hostcached chain   block   16M  rt p50    1983.6 us  p99    2238.5  | g2c p50    183.7  c2g p50     34.7  | calib ±11.7 us
[  177.435] INFO  Microbench.cpp:466: s2_hostcached perpass spin     4K  rt p50      67.6 us  p99      92.2  | g2c p50     32.6  c2g p50     34.1  | calib ±11.4 us
[  177.811] INFO  Microbench.cpp:466: s2_hostcached perpass spin    64K  rt p50      72.9 us  p99     108.6  | g2c p50     32.6  c2g p50     34.0  | calib ±11.3 us
[  178.327] INFO  Microbench.cpp:466: s2_hostcached perpass spin   256K  rt p50      93.2 us  p99     129.1  | g2c p50     32.9  c2g p50     34.6  | calib ±11.5 us
[  179.396] INFO  Microbench.cpp:466: s2_hostcached perpass spin     1M  rt p50     167.1 us  p99     214.0  | g2c p50     33.0  c2g p50     39.1  | calib ±11.6 us
[  182.843] INFO  Microbench.cpp:466: s2_hostcached perpass spin     4M  rt p50     475.1 us  p99     542.7  | g2c p50     49.6  c2g p50     42.1  | calib ±11.4 us
[  195.087] INFO  Microbench.cpp:466: s2_hostcached perpass spin    16M  rt p50    1745.9 us  p99    2026.5  | g2c p50     37.5  c2g p50     46.1  | calib ±11.5 us
[  195.431] INFO  Microbench.cpp:466: s2_hostcached perpass block    4K  rt p50      70.8 us  p99     103.5  | g2c p50     34.5  c2g p50     35.8  | calib ±11.5 us
[  195.814] INFO  Microbench.cpp:466: s2_hostcached perpass block   64K  rt p50      76.8 us  p99     112.7  | g2c p50     34.2  c2g p50     35.8  | calib ±11.5 us
[  196.332] INFO  Microbench.cpp:466: s2_hostcached perpass block  256K  rt p50      95.3 us  p99     127.0  | g2c p50     34.4  c2g p50     36.0  | calib ±11.3 us
[  197.426] INFO  Microbench.cpp:466: s2_hostcached perpass block    1M  rt p50     182.3 us  p99     222.2  | g2c p50     34.5  c2g p50     40.5  | calib ±11.6 us
[  201.042] INFO  Microbench.cpp:466: s2_hostcached perpass block    4M  rt p50     538.6 us  p99     701.5  | g2c p50     97.2  c2g p50     43.3  | calib ±11.5 us
[  213.471] INFO  Microbench.cpp:466: s2_hostcached perpass block   16M  rt p50    1814.5 us  p99    2166.8  | g2c p50    105.0  c2g p50     47.6  | calib ±12.7 us
[  213.471] INFO  Microbench.cpp:270: path s2_coherent   down=HostVisibleCoherent up=HostVisibleCoherent
[  213.922] INFO  Microbench.cpp:466: s2_coherent   chain   spin     4K  rt p50     116.7 us  p99     151.6  | g2c p50     30.3  c2g p50     28.3  | calib ±11.5 us
[  216.352] INFO  Microbench.cpp:466: s2_coherent   chain   spin    64K  rt p50     987.1 us  p99    1170.5  | g2c p50     32.9  c2g p50     28.9  | calib ±11.5 us
[  225.094] INFO  Microbench.cpp:466: s2_coherent   chain   spin   256K  rt p50    3779.6 us  p99    4137.1  | g2c p50     32.8  c2g p50     31.1  | calib ±11.6 us
[  258.959] INFO  Microbench.cpp:466: s2_coherent   chain   spin     1M  rt p50   14936.1 us  p99   15566.9  | g2c p50     34.5  c2g p50     60.2  | calib ±11.5 us
[  393.765] INFO  Microbench.cpp:466: s2_coherent   chain   spin     4M  rt p50   59850.8 us  p99   61125.8  | g2c p50     55.1  c2g p50     69.8  | calib ±12.7 us
[  928.833] INFO  Microbench.cpp:466: s2_coherent   chain   spin    16M  rt p50  238976.5 us  p99  242807.0  | g2c p50     56.1  c2g p50     87.4  | calib ±13.0 us
[  929.304] INFO  Microbench.cpp:466: s2_coherent   chain   block    4K  rt p50     120.8 us  p99     190.5  | g2c p50     34.7  c2g p50     28.8  | calib ±11.5 us
[  931.743] INFO  Microbench.cpp:466: s2_coherent   chain   block   64K  rt p50     992.3 us  p99    1127.5  | g2c p50     35.1  c2g p50     31.1  | calib ±11.5 us
[  940.519] INFO  Microbench.cpp:466: s2_coherent   chain   block  256K  rt p50    3783.8 us  p99    4242.4  | g2c p50     36.0  c2g p50     31.9  | calib ±11.6 us
[  974.435] INFO  Microbench.cpp:466: s2_coherent   chain   block    1M  rt p50   14953.0 us  p99   15605.8  | g2c p50     37.8  c2g p50     59.7  | calib ±12.7 us
[ 1109.407] INFO  Microbench.cpp:466: s2_coherent   chain   block    4M  rt p50   59898.9 us  p99   61213.8  | g2c p50    121.0  c2g p50     70.0  | calib ±12.3 us
[ 1644.895] INFO  Microbench.cpp:466: s2_coherent   chain   block   16M  rt p50  239116.3 us  p99  243009.2  | g2c p50    153.0  c2g p50     88.0  | calib ±11.8 us
[ 1645.373] INFO  Microbench.cpp:466: s2_coherent   perpass spin     4K  rt p50     128.0 us  p99     152.6  | g2c p50     31.4  c2g p50     35.9  | calib ±11.8 us
[ 1647.954] INFO  Microbench.cpp:466: s2_coherent   perpass spin    64K  rt p50    1034.2 us  p99    1116.2  | g2c p50     31.4  c2g p50     38.2  | calib ±11.8 us
[ 1656.840] INFO  Microbench.cpp:466: s2_coherent   perpass spin   256K  rt p50    3797.6 us  p99    4204.8  | g2c p50     33.5  c2g p50     41.7  | calib ±11.6 us
[ 1690.829] INFO  Microbench.cpp:466: s2_coherent   perpass spin     1M  rt p50   14966.8 us  p99   15583.4  | g2c p50     35.4  c2g p50     71.9  | calib ±11.6 us
[ 1825.663] INFO  Microbench.cpp:466: s2_coherent   perpass spin     4M  rt p50   59845.6 us  p99   61351.7  | g2c p50     55.4  c2g p50     94.5  | calib ±11.9 us
[ 2360.999] INFO  Microbench.cpp:466: s2_coherent   perpass spin    16M  rt p50  239113.8 us  p99  242320.6  | g2c p50     57.0  c2g p50    129.2  | calib ±11.9 us
[ 2361.476] INFO  Microbench.cpp:466: s2_coherent   perpass block    4K  rt p50     129.0 us  p99     169.0  | g2c p50     34.5  c2g p50     36.5  | calib ±11.5 us
[ 2363.931] INFO  Microbench.cpp:466: s2_coherent   perpass block   64K  rt p50     996.5 us  p99    1133.7  | g2c p50     34.8  c2g p50     37.5  | calib ±11.5 us
[ 2372.742] INFO  Microbench.cpp:466: s2_coherent   perpass block  256K  rt p50    3798.0 us  p99    4158.6  | g2c p50     36.6  c2g p50     41.0  | calib ±11.7 us
[ 2406.704] INFO  Microbench.cpp:466: s2_coherent   perpass block    1M  rt p50   14960.6 us  p99   15593.6  | g2c p50     38.2  c2g p50     73.0  | calib ±12.6 us
[ 2541.675] INFO  Microbench.cpp:466: s2_coherent   perpass block    4M  rt p50   59905.5 us  p99   61237.3  | g2c p50    120.9  c2g p50     94.2  | calib ±12.6 us
[ 3078.157] INFO  Microbench.cpp:466: s2_coherent   perpass block   16M  rt p50  239328.8 us  p99  244045.2  | g2c p50    141.6  c2g p50    113.5  | calib ±11.7 us

round-trip p50 / p99 (us), P-3060
path          submit  wait                  0                4K               64K              256K                1M                4M               16M
empty         chain   spin      60.4/    85.0                 -                 -                 -                 -                 -                 -
empty         chain   block     62.5/    98.3                 -                 -                 -                 -                 -                 -
empty         perpass spin      66.6/    88.1                 -                 -                 -                 -                 -                 -
empty         perpass block     69.6/   100.6                 -                 -                 -                 -                 -                 -
s1_copy       chain   spin                  -     74.0/   108.1     89.9/   127.3    132.1/   161.8    312.3/   359.5   1062.9/  1233.9   3935.2/  4241.5
s1_copy       chain   block                 -     76.3/    95.9     92.6/   109.4    133.1/   164.9    313.3/   382.0   1168.4/  1332.3   4062.2/  4388.9
s1_copy       perpass spin                  -     78.9/    90.3     95.0/   105.2    137.2/   159.7    318.5/   345.1   1072.1/  1202.2   3995.6/  4334.6
s1_copy       perpass block                 -     84.8/   104.7    100.9/   119.7    143.4/   177.2    340.0/   407.6   1186.8/  1389.6   4073.5/  4512.9
s2_direct     chain   spin                  -     59.4/    69.6     63.7/    70.7     79.9/   112.6    143.4/   213.0    384.0/   542.7   1350.7/  1658.9
s2_direct     chain   block                 -     62.7/    89.2     67.8/   103.5     84.0/   122.9    143.4/   222.3    459.8/   580.7   1417.4/  1716.5
s2_direct     perpass spin                  -     67.6/    78.9     72.7/    79.9     88.1/   103.4    149.8/   189.6    406.5/   463.9   1357.8/  1648.6
s2_direct     perpass block                 -     70.7/   104.5     75.8/   103.4     91.1/   129.0    152.7/   199.7    474.1/   546.8   1425.4/  1696.8
s2_hostcached chain   spin                  -     59.4/    86.1     66.6/    78.9     84.0/   111.6    155.6/   194.6    477.2/   534.5   1808.4/  2045.2
s2_hostcached chain   block                 -     63.6/    75.8     69.6/    88.1     88.3/   114.7    160.8/   198.7    539.6/   630.8   1983.6/  2238.5
s2_hostcached perpass spin                  -     67.6/    92.2     72.9/   108.6     93.2/   129.1    167.1/   214.0    475.1/   542.7   1745.9/  2026.5
s2_hostcached perpass block                 -     70.8/   103.5     76.8/   112.7     95.3/   127.0    182.3/   222.2    538.6/   701.5   1814.5/  2166.8
s2_coherent   chain   spin                  -    116.7/   151.6    987.1/  1170.5   3779.6/  4137.1  14936.1/ 15566.9  59850.8/ 61125.8 238976.5/242807.0
s2_coherent   chain   block                 -    120.8/   190.5    992.3/  1127.5   3783.8/  4242.4  14953.0/ 15605.8  59898.9/ 61213.8 239116.3/243009.2
s2_coherent   perpass spin                  -    128.0/   152.6   1034.2/  1116.2   3797.6/  4204.8  14966.8/ 15583.4  59845.6/ 61351.7 239113.8/242320.6
s2_coherent   perpass block                 -    129.0/   169.0    996.5/  1133.7   3798.0/  4158.6  14960.6/ 15593.6  59905.5/ 61237.3 239328.8/244045.2
[ 3078.157] INFO  Microbench.cpp:183: microbench done: results\m1_3060_rebar-off\_running_run2.csv, 0 verification/R7 failures, 0 API errors, thermal state n/a
